// Jest Snapshot v1, https://goo.gl/fbAQLP

exports[`matches snapshot 1`] = `
<div>
  <section
    class="col-md-8"
  >
    <div
      class="card"
    >
      <div
        class="text-center card-body"
      >
        <div
          class="card-title"
        >
          <h3
            class="font-weight-bold"
          >
            Welcome to Silicon Valley's premier dive cafe!
          </h3>
          <h4>
            Now offering a selection of 
            2
             different snacks and 
            2
             different drinks!
          </h4>
        </div>
      </div>
    </div>
  </section>
</div>
`;
