// Jest Snapshot v1, https://goo.gl/fbAQLP

exports[`matches snapshot 1`] = `
<div>
  <div
    class="NavBar"
  >
    <nav
      class="navbar navbar-expand-md"
    >
      <div
        class="container-fluid"
      >
        <a
          aria-current="page"
          class="navbar-brand active"
          href="/"
        >
          openSource Cafe
        </a>
        <ul
          class="ml-auto navbar-nav"
        >
          <li
            class="nav-item"
          >
            <a
              class="NavLink-snacks"
              href="/snacks"
            >
              Snacks
            </a>
          </li>
          <li
            class="nav-item"
          >
            <a
              class="NavLink-drinks"
              href="/drinks"
            >
              Drinks
            </a>
          </li>
          <li
            class="nav-item"
          >
            <a
              class="NavLink-new-item"
              href="/add"
            >
              Add an Item!
            </a>
          </li>
        </ul>
      </div>
    </nav>
  </div>
</div>
`;
